npm warn install-scripts .npmrc allow-scripts setting is being ignored because --allow-scripts was passed on the command line
npm notice run movieflix@1.0.0 npx
npm notice run vite build
[36mvite v4.5.14 [32mbuilding for production...[36m[39m
transforming...
[32m✓[39m 3 modules transformed.
[32m✓ built in 121ms[39m
[31m[vite:esbuild] Transform failed with 4 errors:
C:/laragon/www/TesLaravel/src/App.tsx:538:10: ERROR: Expected closing "motion.div" tag to match opening "div" tag
C:/laragon/www/TesLaravel/src/App.tsx:658:8: ERROR: Expected closing "div" tag to match opening "motion.div" tag
C:/laragon/www/TesLaravel/src/App.tsx:661:0: ERROR: The character "}" is not valid inside a JSX element
C:/laragon/www/TesLaravel/src/App.tsx:662:0: ERROR: Unexpected end of file before a closing "div" tag[39m
file: [36mC:/laragon/www/TesLaravel/src/App.tsx:538:10[39m
[33m
[33mExpected closing "motion.div" tag to match opening "div" tag[33m
536|              )}
537|            </AnimatePresence>
538|          </motion.div>
   |            ^
539|  
540|          {/* Movie Grid */}

[33mExpected closing "div" tag to match opening "motion.div" tag[33m
656|            </p>
657|          </footer>
658|        </div>
   |          ^
659|      </div>
660|    )

[33mThe character "}" is not valid inside a JSX element[33m
658|        </div>
659|      </div>
660|    )
   |      ^
661|  }
   |  ^
662|  

[33mUnexpected end of file before a closing "div" tag[33m
659|      </div>
660|    )
661|  }
   |    ^
662|  
   |  ^
[39m
[31merror during build:
Error: Transform failed with 4 errors:
C:/laragon/www/TesLaravel/src/App.tsx:538:10: ERROR: Expected closing "motion.div" tag to match opening "div" tag
C:/laragon/www/TesLaravel/src/App.tsx:658:8: ERROR: Expected closing "div" tag to match opening "motion.div" tag
C:/laragon/www/TesLaravel/src/App.tsx:661:0: ERROR: The character "}" is not valid inside a JSX element
C:/laragon/www/TesLaravel/src/App.tsx:662:0: ERROR: Unexpected end of file before a closing "div" tag
    at failureErrorWithLog (C:\laragon\www\TesLaravel\node_modules\esbuild\lib\main.js:1649:15)
    at C:\laragon\www\TesLaravel\node_modules\esbuild\lib\main.js:847:29
    at responseCallbacks.<computed> (C:\laragon\www\TesLaravel\node_modules\esbuild\lib\main.js:703:9)
    at handleIncomingPacket (C:\laragon\www\TesLaravel\node_modules\esbuild\lib\main.js:762:9)
    at Socket.readFromStdout (C:\laragon\www\TesLaravel\node_modules\esbuild\lib\main.js:679:7)
    at Socket.emit (node:events:509:28)
    at addChunk (node:internal/streams/readable:563:12)
    at readableAddChunkPushByteMode (node:internal/streams/readable:514:3)
    at Readable.push (node:internal/streams/readable:394:5)
    at Pipe.onStreamRead (node:internal/stream_base_commons:189:23)[39m
